../Core/Src/main.c:87:5:main	8	static
../Core/Src/main.c:159:6:SystemClock_Config	88	static
../Core/Src/main.c:201:13:MX_TIM2_Init	32	static
../Core/Src/main.c:246:13:MX_TIM14_Init	8	static
../Core/Src/main.c:277:13:MX_GPIO_Init	48	static
../Core/Src/main.c:341:6:statechart_iniciar_timer	16	static
../Core/Src/main.c:347:6:statechart_reiniciar_display	24	static
../Core/Src/main.c:369:6:statechart_reiniciar_timer	16	static
../Core/Src/main.c:375:6:statechart_registrar_tiempo	24	static
../Core/Src/main.c:382:6:statechart_registrar_velocidad	16	static
../Core/Src/main.c:388:6:statechart_mostrar_velocidad	16	static
../Core/Src/main.c:392:6:statechart_mostrar_tiempo_total	16	static
../Core/Src/main.c:396:6:statechart_set_timer	24	static
../Core/Src/main.c:403:6:statechart_unset_timer	16	static
../Core/Src/main.c:410:6:statechart_prender_LED1	16	static
../Core/Src/main.c:416:6:statechart_prender_LED2	16	static
../Core/Src/main.c:422:6:statechart_prender_LED3	16	static
../Core/Src/main.c:428:6:statechart_prender_LED4	16	static
../Core/Src/main.c:435:6:HAL_GPIO_EXTI_Callback	16	static
../Core/Src/main.c:447:6:HAL_TIM_PeriodElapsedCallback	16	static
../Core/Src/main.c:455:6:filtrar_rebotes	16	static
../Core/Src/main.c:469:6:codificar_digito_7seg	16	static
../Core/Src/main.c:575:6:set_display	40	static
../Core/Src/main.c:603:10:get_tiempo_promedio	32	static
../Core/Src/main.c:619:6:Error_Handler	4	static,ignoring_inline_asm
