../Core/Src/Statechart.c:96:6:statechart_init	24	static
../Core/Src/Statechart.c:118:6:statechart_enter	16	static
../Core/Src/Statechart.c:143:6:statechart_exit	16	static
../Core/Src/Statechart.c:160:6:statechart_trigger_without_event	16	static
../Core/Src/Statechart.c:165:12:statechart_is_active	24	static
../Core/Src/Statechart.c:181:12:statechart_is_final	16	static
../Core/Src/Statechart.c:187:6:statechart_raise_time_event	24	static
../Core/Src/Statechart.c:197:12:statechart_is_state_active	24	static
../Core/Src/Statechart.c:237:13:clear_in_events	16	static
../Core/Src/Statechart.c:249:13:micro_step	16	static
../Core/Src/Statechart.c:289:13:run_cycle	16	static
../Core/Src/Statechart.c:317:6:statechart_raise_paso_el_auto	16	static
../Core/Src/Statechart.c:325:12:statechart_get_cantidad_vueltas	16	static
../Core/Src/Statechart.c:329:6:statechart_set_cantidad_vueltas	16	static
../Core/Src/Statechart.c:333:12:statechart_get_total_vueltas	16	static
../Core/Src/Statechart.c:337:6:statechart_set_total_vueltas	16	static
../Core/Src/Statechart.c:341:6:statechart_boton_raise_reinicio_pressed	16	static
../Core/Src/Statechart.c:347:6:statechart_boton_raise_velocidad_pressed	16	static
../Core/Src/Statechart.c:353:6:statechart_boton_raise_tiempo_total_pressed	16	static
../Core/Src/Statechart.c:362:13:statechart_internal_set_ton	16	static
../Core/Src/Statechart.c:370:13:enact_main_region_MEDICION	16	static
../Core/Src/Statechart.c:378:13:enact_main_region_REPOSO	16	static
../Core/Src/Statechart.c:385:13:enact_main_region_DISPLAY_ENCENDIDO_r1_LED3	16	static
../Core/Src/Statechart.c:393:13:enact_main_region_DISPLAY_ENCENDIDO_r1_LED4	16	static
../Core/Src/Statechart.c:401:13:enact_main_region_DISPLAY_ENCENDIDO_r1_LED1	16	static
../Core/Src/Statechart.c:409:13:enact_main_region_DISPLAY_ENCENDIDO_r1_LED2	16	static
../Core/Src/Statechart.c:417:13:exact_main_region_DISPLAY_ENCENDIDO_r1_LED3	16	static
../Core/Src/Statechart.c:424:13:exact_main_region_DISPLAY_ENCENDIDO_r1_LED4	16	static
../Core/Src/Statechart.c:431:13:exact_main_region_DISPLAY_ENCENDIDO_r1_LED1	16	static
../Core/Src/Statechart.c:438:13:exact_main_region_DISPLAY_ENCENDIDO_r1_LED2	16	static
../Core/Src/Statechart.c:445:13:enseq_main_region_MEDICION_default	16	static
../Core/Src/Statechart.c:453:13:enseq_main_region_REPOSO_default	16	static
../Core/Src/Statechart.c:461:13:enseq_main_region_DISPLAY_ENCENDIDO_r1_LED3_default	16	static
../Core/Src/Statechart.c:469:13:enseq_main_region_DISPLAY_ENCENDIDO_r1_LED4_default	16	static
../Core/Src/Statechart.c:477:13:enseq_main_region_DISPLAY_ENCENDIDO_r1_LED1_default	16	static
../Core/Src/Statechart.c:485:13:enseq_main_region_DISPLAY_ENCENDIDO_r1_LED2_default	16	static
../Core/Src/Statechart.c:493:13:enseq_main_region_default	16	static
../Core/Src/Statechart.c:500:13:enseq_main_region_DISPLAY_ENCENDIDO_r1_default	16	static
../Core/Src/Statechart.c:507:13:exseq_main_region_MEDICION	16	static
../Core/Src/Statechart.c:514:13:exseq_main_region_REPOSO	16	static
../Core/Src/Statechart.c:521:13:exseq_main_region_DISPLAY_ENCENDIDO	16	static
../Core/Src/Statechart.c:529:13:exseq_main_region_DISPLAY_ENCENDIDO_r1_LED3	16	static
../Core/Src/Statechart.c:537:13:exseq_main_region_DISPLAY_ENCENDIDO_r1_LED4	16	static
../Core/Src/Statechart.c:545:13:exseq_main_region_DISPLAY_ENCENDIDO_r1_LED1	16	static
../Core/Src/Statechart.c:553:13:exseq_main_region_DISPLAY_ENCENDIDO_r1_LED2	16	static
../Core/Src/Statechart.c:561:13:exseq_main_region	16	static
../Core/Src/Statechart.c:609:13:exseq_main_region_DISPLAY_ENCENDIDO_r1	16	static
../Core/Src/Statechart.c:642:13:react_main_region__entry_Default	16	static
../Core/Src/Statechart.c:649:13:react_main_region_DISPLAY_ENCENDIDO_r1__entry_Default	16	static
../Core/Src/Statechart.c:656:19:main_region_MEDICION_react	24	static
../Core/Src/Statechart.c:674:19:main_region_REPOSO_react	24	static
../Core/Src/Statechart.c:698:19:main_region_DISPLAY_ENCENDIDO_react	24	static
../Core/Src/Statechart.c:742:19:main_region_DISPLAY_ENCENDIDO_r1_LED3_react	24	static
../Core/Src/Statechart.c:768:19:main_region_DISPLAY_ENCENDIDO_r1_LED4_react	24	static
../Core/Src/Statechart.c:794:19:main_region_DISPLAY_ENCENDIDO_r1_LED1_react	24	static
../Core/Src/Statechart.c:820:19:main_region_DISPLAY_ENCENDIDO_r1_LED2_react	24	static
../Core/Src/Statechart.c:849:13:statechart_eventqueue_init	24	static
../Core/Src/Statechart.c:858:19:statechart_eventqueue_size	16	static
../Core/Src/Statechart.c:863:25:statechart_eventqueue_pop	24	static
../Core/Src/Statechart.c:882:19:statechart_eventqueue_push	16	static
../Core/Src/Statechart.c:901:13:statechart_event_init	16	static
../Core/Src/Statechart.c:906:13:statechart_add_event_to_queue	24	static
../Core/Src/Statechart.c:913:19:statechart_dispatch_event	16	static
../Core/Src/Statechart.c:960:25:statechart_get_next_event	24	static
../Core/Src/Statechart.c:970:19:statechart_dispatch_next_event	24	static
../Core/Src/Statechart.c:977:26:statechart_get_timed_event_name	16	static
